// Jest Snapshot v1, https://goo.gl/fbAQLP

exports[`Test snapshot 1`] = `
<View
  testID="Component"
>
  <Text
    testID="title"
  >
    hello
  </Text>
  <Text>
    Account
  </Text>
  <TextInput
    defaultValue="Account"
    onChangeText={[Function]}
    placeholder="Account"
    style={
      {
        "color": "yellow",
      }
    }
    value="Account"
  />
  <Text>
    Password
  </Text>
  <TextInput
    defaultValue="Password"
    onChangeText={[Function]}
    placeholder="Password"
    value="Password"
  />
  <RCTSwitch
    accessibilityRole="switch"
    onChange={[Function]}
    onResponderTerminationRequest={[Function]}
    onStartShouldSetResponder={[Function]}
    onTintColor="#81b0ff"
    style={
      [
        {
          "height": 31,
          "width": 51,
        },
        [
          {
            "color": "white",
          },
          {
            "backgroundColor": "#3e3e3e",
            "borderRadius": 16,
          },
        ],
      ]
    }
    testID="switch"
    thumbTintColor="#f5dd4b"
    tintColor="#767577"
    value={false}
  />
  <View>
    <View
      accessibilityLabel="Learn more about this purple button"
      accessibilityRole="button"
      accessibilityState={
        {
          "busy": undefined,
          "checked": undefined,
          "disabled": undefined,
          "expanded": undefined,
          "selected": undefined,
        }
      }
      accessibilityValue={
        {
          "max": undefined,
          "min": undefined,
          "now": undefined,
          "text": undefined,
        }
      }
      accessible={true}
      collapsable={false}
      focusable={false}
      onClick={[Function]}
      onResponderGrant={[Function]}
      onResponderMove={[Function]}
      onResponderRelease={[Function]}
      onResponderTerminate={[Function]}
      onResponderTerminationRequest={[Function]}
      onStartShouldSetResponder={[Function]}
      style={
        {
          "opacity": 1,
        }
      }
      testID="RealButton"
    >
      <View
        style={
          [
            {},
          ]
        }
      >
        <Text
          style={
            [
              {
                "color": "#007AFF",
                "fontSize": 18,
                "margin": 8,
                "textAlign": "center",
              },
              {
                "color": "#841584",
              },
            ]
          }
        >
          Learn More
        </Text>
      </View>
    </View>
  </View>
</View>
`;
